{
    "Ansi 0 Color": {
        "Red": 0.08235294371843338,
        "Green": 0.08235294371843338,
        "Blue": 0.08235294371843338,
        "Alpha": 0
    },
    "Ansi 1 Color": {
        "Red": 0.6745098233,
        "Green": 0.2549019754,
        "Blue": 0.2588235438,
        "Alpha": 0
    },
    "Ansi 10 Color": {
        "Red": 0.49473804391474724,
        "Green": 0.5557656957013575,
        "Blue": 0.31444666754949363,
        "Alpha": 0
    },
    "Ansi 11 Color": {
        "Red": 0.8980392157,
        "Green": 0.7098039216,
        "Blue": 0.4039215686,
        "Alpha": 0
    },
    "Ansi 12 Color": {
        "Red": 0.4235294117647059,
        "Green": 0.6,
        "Blue": 0.7333333333333333,
        "Alpha": 0
    },
    "Ansi 13 Color": {
        "Red": 0.6233385181,
        "Green": 0.3069779858,
        "Blue": 0.5234466981,
        "Alpha": 0
    },
    "Ansi 14 Color": {
        "Red": 0.4903187999,
        "Green": 0.8385321624,
        "Blue": 0.8118151991,
        "Alpha": 0
    },
    "Ansi 15 Color": {
        "Red": 0.9607843160629272,
        "Green": 0.9607843160629272,
        "Blue": 0.9607843160629272,
        "Alpha": 0
    },
    "Ansi 2 Color": {
        "Red": 0.4947380439,
        "Green": 0.5557656957,
        "Blue": 0.3144466675,
        "Alpha": 0
    },
    "Ansi 3 Color": {
        "Red": 0.8980392156862745,
        "Green": 0.7098039215686275,
        "Blue": 0.403921568627451,
        "Alpha": 0
    },
    "Ansi 4 Color": {
        "Red": 0.4235294118,
        "Green": 0.6,
        "Blue": 0.7333333333,
        "Alpha": 0
    },
    "Ansi 5 Color": {
        "Red": 0.6233385180995474,
        "Green": 0.3069779857956881,
        "Blue": 0.523446698099313,
        "Alpha": 0
    },
    "Ansi 6 Color": {
        "Red": 0.4903187999,
        "Green": 0.8385321624,
        "Blue": 0.8118151991,
        "Alpha": 0
    },
    "Ansi 7 Color": {
        "Red": 0.8156862854957581,
        "Green": 0.8156862854957581,
        "Blue": 0.8156862854957581,
        "Alpha": 0
    },
    "Ansi 8 Color": {
        "Red": 0.3137255012989044,
        "Green": 0.3137255012989044,
        "Blue": 0.3137255012989044,
        "Alpha": 0
    },
    "Ansi 9 Color": {
        "Red": 0.6745098233,
        "Green": 0.2549019754,
        "Blue": 0.2588235438,
        "Alpha": 0
    },
    "Background Color": {
        "Red": 0.1283406391402715,
        "Green": 0.1283406391402715,
        "Blue": 0.1283406391402715,
        "Alpha": 0
    },
    "Bold Color": {
        "Red": 0.8156862854957581,
        "Green": 0.8156862854957581,
        "Blue": 0.8156862854957581,
        "Alpha": 0
    },
    "Cursor Color": {
        "Red": 0.8156862854957581,
        "Green": 0.8156862854957581,
        "Blue": 0.8156862854957581,
        "Alpha": 0
    },
    "Cursor Text Color": {
        "Red": 0.08235294371843338,
        "Green": 0.08235294371843338,
        "Blue": 0.08235294371843338,
        "Alpha": 0
    },
    "Foreground Color": {
        "Red": 0.8156862854957581,
        "Green": 0.8156862854957581,
        "Blue": 0.8156862854957581,
        "Alpha": 0
    },
    "Selected Text Color": {
        "Red": 0.8156862854957581,
        "Green": 0.8156862854957581,
        "Blue": 0.8156862854957581,
        "Alpha": 0
    },
    "Selection Color": {
        "Red": 0.1882352977991104,
        "Green": 0.1882352977991104,
        "Blue": 0.1882352977991104,
        "Alpha": 0
    }
}